data/processed/21080_timeseries.csv
date,day_of_week,day_of_year,price,demand,revenue,seasonal
2020-01-01,2,1,54.10021934801132,41,2218.108993268464,1.085784742332689
2020-01-02,3,2,54.11700638379409,40,2164.6802553517637,1.211917335495515
2020-01-03,4,3,54.15497051878017,39,2112.0438502324264,1.245413745234537
2020-01-04,5,4,54.3037849654611,36,1954.9362587565995,1.1634002685532618
2020-01-05,6,5,54.27991063623426,42,2279.756246721839,1.029963892949632
2020-01-06,0,6,54.236062825393816,36,1952.4982617141773,0.947892758843743
2020-01-07,1,7,54.293803132697825,30,1628.8140939809348,0.9812738708186773
2020-01-08,2,8,54.1015228626304,45,2434.5685288183677,1.1072335600431569
2020-01-09,3,9,54.07591162311016,55,2974.175139271059,1.233161114199086
2020-01-10,4,10,54.06140058478015,57,3081.499833332469,1.2664458304906827
2020-01-11,5,11,53.96188054662082,51,2752.055907877662,1.1842140686507916
2020-01-12,6,12,54.07618224520109,46,2487.5043832792503,1.050552880859958
2020-01-13,0,13,53.96132028265374,41,2212.4141315888032,0.9682504741549807
2020-01-14,1,14,53.94662808472305,52,2805.2246604055986,1.0013939216500045
2020-01-15,2,15,53.97832770456026,67,3616.547956205537,1.1271096249388661
2020-01-16,3,16,54.1246788644868,52,2814.4833009533136,1.252786944001768
2020-01-17,4,17,54.12353737813186,52,2814.423943662857,1.2858152501929876
2020-01-18,5,18,54.22476535574832,50,2711.2382677874157,1.2033209792252146
2020-01-19,6,19,54.30052200042564,47,2552.124534020005,1.0693912610661154
2020-01-20,0,20,54.31387168877898,45,2444.124225995054,0.986814382323832
2020-01-21,1,21,54.19606063768939,35,1896.8621223191287,1.019677497444497
2020-01-22,2,22,54.04093682020102,34,1837.3918518868347,1.1451070910904806
2020-01-23,3,23,54.05245344146757,47,2540.4653117489756,1.2704926080224461
2020-01-24,4,24,53.99377064908339,53,2861.6698444014196,1.3032235060619413
2020-01-25,5,25,54.09317200992423,42,2271.9132244168177,1.2204263090501082
2020-01-26,6,26,54.17382282127905,42,2275.30055849372,1.0861882367181388
2020-01-27,0,27,54.15386050128174,42,2274.462141053833,1.003297667046171
2020-01-28,1,28,54.02867491348282,48,2593.3763958471754,1.0358418474337305
2020-01-29,2,29,54.08390167019011,52,2812.362886849886,1.160947357050431
2020-01-30,3,30,53.97382895947855,58,3130.482079649756,1.2860037366900294
2020-01-31,4,31,53.89181488668654,65,3502.967967634625,1.3184005417045548
2020-02-01,5,32,53.785908895354446,46,2474.1518091863045,1.2352643949341242
2020-02-02,6,33,53.770932529898246,41,2204.608233725828,1.1006826165480579
2020-02-03,0,34,53.89746753883613,41,2209.7961690922816,1.0174436863740155
2020-02-04,1,35,53.896922460441566,43,2317.5676657989875,1.049634955038257
2020-02-05,2,36,53.848996423349284,42,2261.65784978067,1.1743831062857568
2020-02-06,3,37,53.68402892767484,54,2898.937562094441,1.299077786803269
2020-02-07,4,38,53.74373115544503,44,2364.7241708395813,1.3311086591220784
2020-02-08,5,39,53.65934459700396,49,2629.307885253194,1.2476024545160578
2020-02-09,6,40,53.672051989248445,43,2307.898235537683,1.1126466028106499
2020-02-10,0,41,53.6337496910484,39,2091.7162379508877,1.0290296946795123
2020-02-11,1,42,53.72438330646837,46,2471.321632097545,1.0608391927519314
2020-02-12,2,43,53.70738105163264,53,2846.49119573653,1.1852018938997473
2020-02-13,3,44,53.70100923857323,53,2846.153489644381,1.309507559026897
2020-02-14,4,45,53.75353395425908,49,2633.923163758695,1.3411459659383214
2020-02-15,5,46,53.98136119857787,52,2807.030782326049,1.2572439622038625
2020-02-16,6,47,54.077430568544344,54,2920.1812507013947,1.1218890949327882
2020-02-17,0,48,54.06784943035677,44,2378.985374935698,1.0378700730356791
2020-02-18,1,49,54.06819523485344,42,2270.8641998638445,1.0692744782968087
2020-02-19,2,50,54.01144123419078,35,1890.400443196677,1.19322922762576
2020-02-20,3,51,53.908716484304854,62,3342.340422026901,1.3171242028113974
2020-02-21,4,52,53.8489465441459,47,2530.9004875748574,1.348349303354956
2020-02-22,5,53,53.765452683196735,53,2849.568992209427,1.2640314992978738
2020-02-23,6,54,53.836102585675384,52,2799.47733445512,1.12825846096003
2020-02-24,0,55,53.72027235250066,43,2309.9717111575283,1.0438190211651137
2020-02-25,1,56,53.864434816557726,44,2370.03513192854,1.074800886276297
2020-02-26,2,57,53.94575494924215,59,3182.799542005287,1.1983310984109277
2020-02-27,3,58,53.9479718382383,51,2751.3465637501536,1.3217996651574042
2020-02-28,4,59,53.94800629027102,57,3075.036358545448,1.3525966123709836
2020-02-29,5,60,53.88774645653266,52,2802.1628157396985,1.2678490369641777
2020-03-01,6,61,53.916951171355045,47,2534.096705053687,1.1316447366073887
2020-03-02,0,62,54.03460857309038,48,2593.661211508338,1.046772671916551
2020-03-03,1,63,53.958574995834944,48,2590.0115998000774,1.0773206774509312
2020-03-04,2,64,53.79276654193602,42,2259.2961947613126,1.2004159238898318
2020-03-05,3,65,53.86880680093691,59,3178.2596012552776,1.3234485477113749
2020-03-06,4,66,53.90388107911758,62,3342.04062690529,1.3538087039501143
2020-03-07,5,67,53.78275196108661,51,2742.920350015417,1.2686236189491544
2020-03-08,6,68,53.70344902859279,45,2416.655206286676,1.131981220022432
2020-03-09,0,69,53.610552533007855,46,2466.0854165183614,1.0466705976039445
2020-03-10,1,70,53.53220755118839,50,2676.6103775594197,1.0767797162070758
2020-03-11,2,71,53.497207150841234,53,2835.3519789945854,1.1994358765627995
2020-03-12,3,72,53.46838490978945,49,2619.950860579683,1.3220293452599194
2020-03-13,4,73,53.398013417374735,51,2723.2986842861114,1.3519504074641315
2020-03-14,5,74,53.316031795308305,60,3198.9619077184984,1.2663264196315789
2020-03-15,6,75,53.29129293131149,48,2557.9820607029515,1.1292454391325772
2020-03-16,0,76,53.30942571961002,55,2932.018414578551,1.0434966863623127
2020-03-17,1,77,53.27522400431017,48,2557.210752206888,1.0731682556616458
2020-03-18,2,78,53.400512760599085,43,2296.2220487057607,1.1953875774168539
2020-03-19,3,79,53.45545320210909,49,2619.3172069033453,1.3175450476614428
2020-03-20,4,80,53.283432168595574,53,2824.0219049355655,1.3470310807568622
2020-03-21,5,81,53.34006379704518,73,3893.8246571842983,1.2609731620677673
2020-03-22,6,82,53.405542360711905,51,2723.6826603963073,1.1234594775475555
2020-03-23,0,83,53.358533684039195,37,1974.2657463094502,1.0372793758109464
2020-03-24,1,84,53.19685527052986,42,2234.267921362254,1.066521079016814
2020-03-25,2,85,53.197727543783124,52,2766.2818322767225,1.1883121449300316
2020-03-26,3,86,53.19689399338649,61,3245.010533596576,1.31004309648556
2020-03-27,4,87,53.07560836158682,62,3290.687718418383,1.3391044744315352
2020-03-28,5,88,52.91868540870649,63,3333.8771807485086,1.252623889967102
2020-03-29,6,89,52.90921808571994,45,2380.9148138573973,1.1146896542906466
2020-03-30,0,90,52.88401502830734,48,2538.432721358752,1.0280912406352718
2020-03-31,1,91,52.83889537131311,32,1690.8446518820194,1.0569169951147035
2020-04-01,2,92,52.82987601803299,56,2958.4730570098473,1.1782945987483984
2020-04-02,3,93,52.710630818543045,51,2688.2421717456955,1.299614696989115
2020-04-03,4,94,52.66361288094983,46,2422.526192523692,1.3282679523296932
2020-04-04,5,95,52.72128227900582,47,2477.9002671132735,1.2413820969048108
2020-04-05,6,96,52.683439382623824,39,2054.6541359223293,1.1030455620033874
2020-04-06,0,97,52.5026459818277,44,2310.1164232004185,1.0160479400684752
2020-04-07,1,98,52.45153291276617,46,2412.7705139872437,1.0444776955078188
2020-04-08,2,99,52.33581474678421,63,3297.156329047405,1.1654626266839438
2020-04-09,3,100,52.36470067662348,53,2775.3291358610445,1.286393495406928
2020-04-10,4,101,52.399177140459244,48,2515.1605027420437,1.3146610795067188
2020-04-11,5,102,52.21981084664575,56,2924.309407412162,1.2273932254007076
2020-04-12,6,103,52.30188428895117,36,1882.8678344022421,1.0886784775722687
2020-04-13,0,104,52.18162157702301,42,2191.6281062349663,1.0013065405371024
2020-04-14,1,105,52.350218771960776,43,2251.0594071943133,1.0293659896206013
2020-04-15,2,106,52.34494450645344,51,2669.5921698291254,1.1499847329150505
2020-04-16,3,107,52.21016972808075,67,3498.0813717814103,1.2705536407399023
2020-04-17,4,108,52.08668471330597,50,2604.3342356652984,1.2984635981819332
2020-04-18,5,109,52.1243248854171,44,2293.4702949583525,1.2108425576310289
2020-04-19,6,110,52.082012922140564,43,2239.5265556520444,1.071779168227329
2020-04-20,0,111,52.07156156046152,44,2291.148708660307,0.9840632377965564
2020-04-21,1,112,52.24595439761957,40,2089.838175904783,1.0117834435967725
2020-04-22,2,113,52.170343875023505,65,3391.072351876528,1.1320677942453687
2020-04-23,3,114,52.17682776704156,40,2087.0731106816625,1.252307259149555
2020-04-24,4,115,52.330358113865145,46,2407.1964732377965,1.2798928210171554
2020-04-25,5,116,52.35960922416501,54,2827.4188981049106,1.191952528363463
2020-04-26,6,117,52.18588437094281,45,2348.3647966924264,1.0525751249299082
2020-04-27,0,118,52.24053299686072,40,2089.621319874429,0.9645505115913476
2020-04-28,1,119,52.11477539896867,49,2553.623994549465,0.9919674570752487
2020-04-29,2,120,52.26689603592661,48,2508.811009724477,1.11195405986158
2020-04-30,3,121,52.17791787676287,50,2608.8958938381434,1.2319013775866703
2020-05-01,4,122,52.49901629893137,51,2677.4498312455,1.2592004795278569
2020-05-02,5,123,52.65768631273364,54,2843.5150608876165,1.170979499084692
2020-05-03,6,124,52.571547157927114,46,2418.291169264647,1.031327263172454
2020-05-04,0,125,52.573711286781005,44,2313.243296618364,0.9430337541047945
2020-05-05,1,126,52.65520420306149,50,2632.7602101530742,0.9701878202887891
2020-05-06,2,127,52.739942824417525,46,2426.0373699232064,1.08991763810122
2020-05-07,3,128,52.7877734424963,65,3431.20527376226,1.2096143412693416
2020-05-08,4,129,52.923171658944206,65,3440.0061578313735,1.236669073332991
2020-05-09,5,130,52.909874804821655,44,2328.034491412153,1.1482100401037951
2020-05-10,6,131,52.870220961500415,42,2220.5492803830175,1.0083261390372042
2020-05-11,0,132,52.8327139324981,39,2060.475843367426,0.919807421094261
2020-05-12,1,133,52.92553137918382,35,1852.3935982714338,0.9467428014162884
2020-05-13,2,134,52.965019064116696,57,3019.006086654652,1.0662605211814087
2020-05-14,3,135,52.99651609256959,52,2755.818836813619,1.1857517769661028
2020-05-15,4,136,53.08250620710695,51,2707.2078165624544,1.2126077731887073
2020-05-16,5,137,52.86072220869613,40,2114.4288883478453,1.1239567745505603
2020-05-17,6,138,52.89425051020527,34,1798.404517346979,0.9838877353906154
2020-05-18,0,139,52.91788475861209,27,1428.7828884825265,0.8951907615303217
2020-05-19,1,140,53.09833598815353,43,2283.228447490602,0.9219548209320765
2020-05-20,2,141,52.933047010977226,57,3017.183679625702,1.0413082055400904
2020-05-21,3,142,53.10142841180246,50,2655.071420590123,1.160642160626899
2020-05-22,4,143,53.1095825370045,48,2549.259961776216,1.1873479372224292
2020-05-23,5,144,53.16245785743782,39,2073.335856440075,1.0985538445413374
2020-05-24,6,145,53.34367798048517,49,2613.8402210437735,0.9583488793244285
2020-05-25,0,146,53.404314108404655,39,2082.7682502277817,0.8695231876709759
2020-05-26,1,147,53.44760665409188,37,1977.5614462013996,0.8961657756852378
2020-05-27,2,148,53.4738060372774,54,2887.5855260129797,1.0154049713060218
2020-05-28,3,149,53.42152667400386,62,3312.134653788239,1.134632053642519
2020-05-29,4,150,53.418446093556014,49,2617.503858584245,1.1612383053933613
2020-05-30,5,151,53.341076406863934,44,2347.007361902013,1.0723520652645682
2020-05-31,6,152,53.336257307598835,45,2400.1315788419474,0.9320623573022114
2020-06-01,0,153,53.08366890565471,43,2282.5977629431527,0.8431593527166807
2020-06-02,1,154,53.1300617283867,35,1859.5521604935345,0.8697320805217198
2020-06-03,2,155,53.116898059434945,39,2071.5590243179627,0.9889088893572232
2020-06-04,3,156,53.080543742639776,58,3078.671537073107,1.108081076818933
2020-06-05,4,157,53.10430658085528,45,2389.6937961384874,1.1346399418720172
2020-06-06,5,158,52.949292726701515,47,2488.616758154971,1.0457138372641972
2020-06-07,6,159,53.157908173204135,39,2073.158418754961,0.905391798854251
2020-06-08,0,160,53.146795742128276,38,2019.5782382008745,0.8164640074327776
2020-06-09,1,161,53.13102532038445,38,2018.9789621746093,0.8430194993583945
2020-06-10,2,162,53.02663528592504,46,2439.2252231525517,0.9621866283783541
2020-06-11,3,163,53.029224651475495,47,2492.3735586193484,1.081356694956747
2020-06-12,4,164,53.179199127467605,46,2446.24315986351,1.1079209986872014
2020-06-13,5,165,53.2912146167192,30,1598.736438501576,1.0190078907058346
2020-06-14,6,166,53.38360651276022,36,1921.8098344593677,0.8787064030202543
2020-06-15,0,167,53.44268961749427,24,1282.6245508198624,0.7898067103314229
2020-06-16,1,168,53.403919766924545,31,1655.521512774661,0.8163978406717091
2020-06-17,2,169,53.24711100655258,42,2236.378662275208,0.9356081372279287
2020-06-18,3,170,53.22537232133447,41,2182.2402651747134,1.0548288876726999
2020-06-19,4,171,53.19986711419545,40,2127.994684567818,1.0814513765809257
2020-06-20,5,172,53.31327514972425,36,1919.2779053900729,0.9926039378472041
2020-06-21,6,173,53.34673009662667,41,2187.2159339616937,0.8523755840199246
2020-06-22,0,174,53.52107225188953,26,1391.5478785491277,0.7635564681289115
2020-06-23,1,175,53.650558848840355,39,2092.371795104774,0.7902355943298826
2020-06-24,2,176,53.601197154743645,34,1822.440703261284,0.9095412797345873
2020-06-25,3,177,53.40708659503009,34,1815.840944231023,1.0288647837498701
2020-06-26,4,178,53.55691134563414,32,1713.8211630602925,1.0555973605025324
2020-06-27,5,179,53.70390412311474,38,2040.74835667836,0.9668673112657636
2020-06-28,6,180,53.55617319817823,20,1071.1234639635645,0.8267636138029159
2020-06-29,0,181,53.7193700452589,35,1880.1779515840615,0.7380763842054421
2020-06-30,1,182,53.760689064524776,35,1881.624117258367,0.7648945875483044
2020-07-01,2,183,53.77806427742742,35,1882.2322497099597,0.8843464997316931
2020-07-02,3,184,53.95267370492057,55,2967.3970537706314,1.0038233368323048
2020-07-03,4,185,54.098076939465365,41,2218.02115451808,1.0307163075410308
2020-07-04,5,186,54.168506530766436,41,2220.908767761424,0.9421536656028809
2020-07-05,6,187,54.21967634611105,34,1843.4689957677758,0.8022243391748038
2020-07-06,0,188,54.28632817315748,33,1791.4488297141968,0.7137183926783505
2020-07-07,1,189,54.243069240845124,29,1573.0490079845085,0.7407247374703956
2020-07-08,2,190,54.23711102164357,34,1844.0617747358815,0.8603715937007571
2020-07-09,3,191,54.13954183929876,39,2111.4421317326514,0.9800501196799901
2020-07-10,4,192,54.10352964730874,36,1947.7270673031146,1.0071514643342314
2020-07-11,5,193,54.063884864341375,34,1838.1720853876068,0.9188038196627903
2020-07-12,6,194,53.99518814818384,22,1187.8941392600445,0.7790960501142855
2020-07-13,0,195,54.00997479430266,25,1350.2493698575665,0.6908181544581844
2020-07-14,1,196,53.974942160225744,30,1619.2482648067723,0.7180589764749694
2020-07-15,2,197,54.02924970692415,28,1512.8189917938762,0.8379466668338028
2020-07-16,3,198,53.85382525119458,39,2100.2991847965886,0.9578723124808902
2020-07-17,4,199,53.84156799273551,43,2315.187423687627,0.9852269891154761
2020-07-18,5,200,53.85579290900013,37,1992.6643376330048,0.8971388136691332
2020-07-19,6,201,53.82220400870166,31,1668.4883242697515,0.7576965737041526
2020-07-20,0,202,53.8035628749529,31,1667.91044912354,0.6696901893078553
2020-07-21,1,203,53.632147362907375,30,1608.9644208872212,0.6972084238060798
2020-07-22,2,204,53.67069387557218,37,1985.8156733961705,0.8173793456646744
2020-07-23,3,205,53.740720679206504,41,2203.3695478474665,0.9375939579022464
2020-07-24,4,206,53.79408775751919,40,2151.763510300768,0.9652432505910018
2020-07-25,5,207,53.90640718905515,39,2102.349880373151,0.8774552533614203
2020-07-26,6,208,53.9281989490304,24,1294.2767747767298,0.7383186648265037
2020-07-27,0,209,53.97995960897369,30,1619.3987882692106,0.6506233145024561
2020-07-28,1,210,53.996837982221145,24,1295.9241115733075,0.6784578735490185
2020-07-29,2,211,54.07118408235859,41,2216.9185473767025,0.7989503166982405
2020-07-30,3,212,53.90063539536553,25,1347.5158848841384,0.9194915516950329
2020-07-31,4,213,53.80401087264583,30,1614.120326179375,0.9474724718262296
2020-08-01,5,214,53.97560519645047,37,1997.0973922686676,0.8600210084539421
2020-08-02,6,215,53.709553830640324,35,1879.8343840724112,0.7212257604689284
2020-08-03,0,216,53.694396138108154,24,1288.6655073145957,0.6338764562408219
2020-08-04,1,217,53.82115634510394,26,1399.3500649727023,0.6620616643884301
2020-08-05,2,218,53.81107190103069,36,1937.1985884371047,0.7829092557389132
2020-08-06,3,219,53.767277322948225,45,2419.52747953267,0.9038100327991063
2020-08-07,4,220,53.78127192243053,30,1613.4381576729158,0.9321547823157678
2020-08-08,5,221,53.74308840008824,42,2257.209712803706,0.8450713278405072
2020-08-09,6,222,53.74642421141436,25,1343.660605285359,0.7066481592151036
2020-08-10,0,223,53.67252898663258,23,1234.4681666925494,0.6196748945540579
2020-08-11,1,224,53.79241195249539,22,1183.4330629548986,0.6482399910475258
2020-08-12,2,225,53.94631215698704,40,2157.8524862794816,0.7694712069535553
2020-08-13,3,226,53.9318884207266,30,1617.956652621798,0.8907592311027457
2020-08-14,4,227,53.78196481745945,31,1667.240909341243,0.9194947354921872
2020-08-15,5,228,53.72532071006979,35,1880.3862248524426,0.8328054278843888
2020-08-16,6,229,53.70542568420715,28,1503.7519191578,0.6947796813269019
2020-08-17,0,230,53.76009051531648,20,1075.2018103063297,0.6082069961694917
2020-08-18,1,231,53.65109222632604,29,1555.8816745634551,0.6371757109019663
2020-08-19,2,232,53.567921316698296,34,1821.309324767742,0.7588134641815769
2020-08-20,3,233,53.623141649106,33,1769.563674420498,0.8805108243731237
2020-08-21,4,234,53.724667555570214,36,1934.0880320005276,0.909658342178594
2020-08-22,5,235,53.6574534696705,37,1985.3257783778085,0.8233836032720261
2020-08-23,6,236,53.51329030356001,26,1391.3455478925603,0.685774857855331
2020-08-24,0,237,53.868407931537895,18,969.6313427676821,0.5996214827118238
2020-08-25,1,238,53.9531080323293,29,1564.6401329375497,0.629011692080707
