data/processed/21080_timeseries.csv
date,day_of_week,day_of_year,price,demand,revenue,seasonal
2020-08-26,2,239,53.924236433705744,32,1725.5755658785838,0.7510729997212774
2020-08-27,3,240,54.018206353876124,27,1458.4915715546554,0.8731958484900392
2020-08-28,4,241,54.00474863389729,41,2214.194693989789,0.9027706630075305
2020-08-29,5,242,54.098515873280206,25,1352.462896832005,0.8169249023305456
2020-08-30,6,243,54.11575134741384,30,1623.4725404224152,0.6797466895454944
2020-08-31,0,244,54.12562074248178,22,1190.763656334599,0.5940252738595807
2020-09-01,1,245,54.113338930087934,20,1082.2667786017587,0.6238487415130965
2020-09-02,2,246,53.95683097440068,29,1564.7480982576199,0.746344477881558
2020-09-03,3,247,54.166400673566386,39,2112.489626269089,0.8689027970908609
2020-09-04,4,248,54.06459091157455,32,1730.0669091703855,0.8989139947222531
2020-09-05,5,249,53.917529107823384,39,2102.7836352051118,0.8135054005228022
2020-09-06,6,250,53.89451218455112,25,1347.362804613778,0.6767650080370452
2020-09-07,0,251,53.790546502180874,16,860.648744034894,0.5914819367365842
2020-09-08,1,252,53.784954704811135,24,1290.8389129154673,0.6217441429708144
2020-09-09,2,253,53.859323850968664,26,1400.3424201251853,0.7446788821075397
2020-09-10,3,254,53.96694774983346,27,1457.1075892455033,0.8676763381866629
2020-09-11,4,255,54.055046053113024,31,1675.7064276465037,0.8981266766636918
2020-09-12,5,256,54.0219975074526,42,2268.9238953130093,0.8131570971587929
2020-09-13,6,257,54.02735996127639,26,1404.7113589931862,0.6768554631269728
2020-09-14,0,258,54.071464659152305,32,1730.2868690928738,0.5920107640262338
2020-09-15,1,259,53.88139193270936,25,1347.0347983177342,0.6227108263068246
2020-09-16,2,260,53.943090286071794,27,1456.4634377239383,0.7460827755903561
2020-09-17,3,261,53.78550988410645,31,1667.3508064073,0.8695166663619304
2020-09-18,4,262,54.006136244074945,51,2754.3129484478222,0.9004025347520365
2020-09-19,5,263,53.96239529794125,28,1510.947068342355,0.8158674513239215
2020-09-20,6,264,53.94240441138558,24,1294.617705873254,0.6799991507820333
2020-09-21,0,265,53.859174593648845,31,1669.6344124031143,0.595586494178309
2020-09-22,1,266,53.79105479719268,16,860.6568767550829,0.62671717993948
2020-09-23,2,267,54.03695663889776,32,1729.1826124447284,0.7505182060841297
2020-09-24,3,268,54.1386405104208,35,1894.852417864728,0.8743794999526133
2020-09-25,4,269,53.97112245416975,44,2374.729387983469,0.9056909710266711
2020-09-26,5,270,54.13377570978509,39,2111.2172526816184,0.82157956375429
2020-09-27,6,271,54.26280315044937,30,1627.8840945134812,0.686132887295522
2020-09-28,0,272,54.232395139395905,17,921.9507173697303,0.6021396777659896
2020-09-29,1,273,54.26555883323585,21,1139.5767354979528,0.6336875093012113
2020-09-30,2,274,54.26394290295836,28,1519.390401282834,0.7579032563104648
2020-10-01,3,275,54.47724152795588,30,1634.3172458386764,0.8821767232433698
2020-10-02,4,276,54.39113723274932,35,1903.6898031462263,0.9138976974458896
2020-10-03,5,277,54.40692562349081,21,1142.545438093307,0.830193002021397
2020-10-04,6,278,54.36062949617348,33,1793.9007733737249,0.6951501256124464
2020-10-05,0,279,54.20567225100344,31,1680.3758397811066,0.611557684679991
2020-10-06,1,280,54.442658050788445,40,2177.7063220315376,0.6435031346031614
2020-10-07,2,281,54.31489312420808,30,1629.4467937262425,0.7681132319683288
2020-10-08,3,282,54.338696090519925,33,1793.1769709871576,0.8927776643705934
2020-10-09,4,283,54.15047099249664,39,2111.868368707369,0.924886103304411
2020-10-10,5,284,54.10731877488271,35,1893.7561571208948,0.841565257058987
2020-10-11,6,285,54.15294702507459,27,1462.129569677014,0.7069025005340859
2020-10-12,0,286,54.06376705146743,35,1892.23184680136,0.6236863375529335
2020-10-13,1,287,54.12721899459316,23,1244.9260368756427,0.6560041119953848
2020-10-14,2,288,54.098127095786836,37,2001.6307025441129,0.7809824701200128
2020-10-15,3,289,54.22356891146206,26,1409.8127916980136,0.9060109903983208
2020-10-16,4,290,54.37081857660162,38,2066.0911059108616,0.9384792364376554
2020-10-17,5,291,54.30737280672124,48,2606.7538947226194,0.8555138099086235
2020-10-18,6,292,54.31567006928776,33,1792.4171122864961,0.7212019803924423
2020-10-19,0,293,54.335507305877414,21,1141.0456534234256,0.6383321477251066
2020-10-20,1,294,54.402478662937064,27,1468.8669238993007,0.6709915531613115
2020-10-21,2,295,54.40403381414625,28,1523.312946796095,0.7963067417270119
2020-10-22,3,296,54.42460166845513,36,1959.2856600643847,0.9216671920835604
2020-10-23,4,297,54.39828168705805,32,1740.7450139858577,0.9544623694802673
2020-10-24,5,298,54.410742781847986,31,1686.7330262372875,0.8718187787109196
2020-10-25,6,299,54.55109139737729,34,1854.7371075108279,0.7378235939898706
2020-10-26,0,300,54.62095354424078,24,1310.9028850617788,0.6552651213244017
2020-10-27,1,301,54.69678158209507,38,2078.4777001196126,0.6882305097065363
2020-10-28,2,302,54.77496848117426,25,1369.3742120293566,0.8138462134928743
2020-10-29,3,303,54.758336860442135,28,1533.2334320923799,0.9395016222956263
2020-10-30,4,304,54.79281220405394,38,2082.1268637540497,0.9725861139615476
2020-10-31,5,305,54.67547041579446,23,1257.5358195632725,0.8902261075543616
2020-11-01,6,306,54.81266887749865,38,2082.8814173449487,0.756508693256245
2020-11-02,0,307,54.51174234351993,26,1417.305300931518,0.6742220947651324
2020-11-03,1,308,54.50231883057934,26,1417.0602895950628,0.7074533805108447
2020-11-04,2,309,54.62568597157208,34,1857.2733230334509,0.8333289260588571
2020-11-05,3,310,54.478208470526106,31,1688.8244625863092,0.9592380440246489
2020-11-06,4,311,54.52143739450381,41,2235.378933174656,0.9925700370754936
2020-11-07,5,312,54.44782489005094,27,1470.0912720313754,0.9104512509351075
2020-11-08,6,313,54.40794552740407,29,1577.830420294718,0.7769687043068881
2020-11-09,0,314,54.51023183062472,24,1308.2455639349932,0.6949105512924133
2020-11-10,1,315,54.53164808345549,30,1635.9494425036646,0.7283637926281802
2020-11-11,2,316,54.31166951204394,32,1737.9734243854061,0.8544547381094347
2020-11-12,3,317,54.2060868562703,32,1734.5947794006497,0.9805726365240142
2020-11-13,4,318,54.311551669479506,39,2118.150515109701,1.0141067286730212
2020-11-14,5,319,54.360096655807986,42,2283.1240595439353,0.932183300393854
2020-11-15,6,320,54.54912571013835,33,1800.1211484345654,0.798889312501177
2020-11-16,0,321,54.731073431165676,34,1860.856496659633,0.7170128632225184
2020-11-17,1,322,54.69406584759056,32,1750.2101071228979,0.750640899451659
2020-11-18,2,323,54.96474546906467,37,2033.6955823553926,0.8768996791883246
2020-11-19,3,324,54.9673924999444,41,2253.6630924977203,1.0031784014874598
2020-11-20,4,325,54.863297413983666,39,2139.668599145363,1.0368662594945735
2020-11-21,5,326,54.79478079174816,36,1972.6121085029338,0.9550894934829192
2020-11-22,6,327,54.55075703338458,31,1691.073468034922,0.8219350208079641
2020-11-23,0,328,54.72452689894577,34,1860.6339145641562,0.7401908983558652
2020-11-24,1,329,54.89697139089994,20,1097.9394278179989,0.7739440338091156
2020-11-25,2,330,54.78716273884721,44,2410.6351605092773,0.9003206480978467
2020-11-26,3,331,54.76252119947999,37,2026.2132843807597,1.0267099053600586
2020-11-27,4,332,54.77285941576854,36,1971.8229389676674,1.0605009659873883
2020-11-28,5,333,54.66901470708409,37,2022.7535441621112,0.978820039671913
2020-11-29,6,334,54.47923235699701,34,1852.2939001378984,0.8457540153697377
2020-11-30,0,335,54.456486009666676,37,2014.8899823576671,0.7640909237578597
2020-12-01,1,336,54.421767111504806,31,1687.074780456649,0.7979176485075712
2020-12-02,2,337,54.37976750304802,25,1359.4941875762006,0.9243603887429167
2020-12-03,3,338,54.403850192834405,43,2339.3655582918796,1.0508082890073525
2020-12-04,4,339,54.55842673337561,44,2400.570776268527,1.0846504923153273
2020-12-05,5,340,54.52565277060165,39,2126.5004580534646,1.0030131932042443
2020-12-06,6,341,54.54408307965315,34,1854.498824708207,0.8699832677024922
2020-12-07,0,342,54.62268090117435,35,1911.7938315411022,0.7883487357902632
2020-12-08,1,343,54.68260137588404,37,2023.2562509077095,0.8221964726759687
2020-12-09,2,344,54.61616265133078,37,2020.798018099239,0.9486526712573069
2020-12-10,3,345,54.62658408358561,47,2567.4494519285236,1.0751064720897316
2020-12-11,4,346,54.68579055248969,40,2187.431622099588,1.1089470164392279
2020-12-12,5,347,54.563779886020576,45,2455.370094870926,1.027300499334787
2020-12-13,6,348,54.70040863957628,40,2188.016345583051,0.8942537995363001
2020-12-14,0,349,54.85520893149626,35,1919.932312602369,0.8125949419945222
2020-12-15,1,350,54.77705339806813,36,1971.9739223304525,0.8464108091260841
2020-12-16,2,351,54.797995286669845,38,2082.323820893454,0.972827603272373
2020-12-17,3,352,54.867445993688044,52,2853.1071916717783,1.099234476665255
2020-12-18,4,353,54.80844775029028,41,2247.1463577619015,1.1330205844763028
2020-12-19,5,354,54.86052552459663,43,2359.002597557655,1.0513121378652215
2020-12-20,6,355,54.87817865009625,42,2304.8835033040427,0.9181960339429714
2020-12-21,0,356,54.71945000838528,33,1805.7418502767143,0.8364603182262438
2020-12-22,1,357,54.76909995013389,31,1697.8420984541506,0.8701918959064027
2020-12-23,2,358,54.65013956522728,39,2131.355443043864,0.9965169943016148
2020-12-24,3,359,54.75169726456389,43,2354.322982376247,1.1228247928151753
2020-12-25,4,360,54.67911799967003,53,2897.9932539825113,1.156504475976683
2020-12-26,5,361,54.66167791465522,42,2295.790472415519,1.0746822864817749
2020-12-27,6,362,54.81006491012819,41,2247.212661315256,0.9414451551458778
2020-12-28,0,363,54.86373955339102,33,1810.5034052619037,0.8595811633486954
2020-12-29,1,364,54.74701409033278,39,2135.1335495229787,0.8931772542925884
2020-12-30,2,365,54.637269329904775,41,2240.1280425260957,1.019359695443362
2020-12-31,3,366,54.572465637804676,44,2401.1884880634057,1.1455177084767378
2021-01-01,4,1,54.61513921475515,55,3003.8326568115335,1.1790405223069653
2021-01-02,5,2,54.653882820370185,51,2787.3480238388793,1.097054426113463
2021-01-03,6,3,54.562716646613964,31,1691.4442160450328,0.9636463992807522
2021-01-04,0,4,54.43650417846282,41,2231.8966713169757,0.8816045738285607
2021-01-05,1,5,54.466952300230425,28,1525.0746644064518,0.9150159456551905
2021-01-06,2,6,54.447287443112316,51,2776.811659598728,1.0410068369627214
2021-01-07,3,7,54.68055109016564,44,2405.9442479672884,1.1669665261871978
2021-01-08,4,8,54.684509109608705,36,1968.6423279459134,1.2002843010105366
2021-01-09,5,9,54.88068754206355,45,2469.6309393928595,1.1180865113696115
2021-01-10,6,10,54.754131851400516,33,1806.886351096217,0.9844601993782847
2021-01-11,0,11,54.58401749705658,38,2074.19266488815,0.9021935617388872
2021-01-12,1,12,54.4629006702506,39,2124.053126139773,0.9353736609664259
2021-01-13,2,13,54.59148341955055,39,2129.0678533624714,1.0611268877940543
2021-01-14,3,14,54.78137385369375,50,2739.0686926846874,1.1868425910829106
2021-01-15,4,15,54.696795377732755,56,3063.020541153034,1.219910130813218
2021-01-16,5,16,54.646993541747904,43,2349.82072229516,1.1374559310719197
2021-01-17,6,17,54.52058952625806,37,2017.2618124715482,1.0035671099527028
2021-01-18,0,18,54.324693640109196,29,1575.4161155631666,0.9210319419450455
2021-01-19,1,19,54.40237679351274,39,2121.6926949469967,0.9539375691352808
2021-01-20,2,20,54.426492381358436,38,2068.2067104916205,1.0794104635885438
2021-01-21,3,21,54.427626465852704,36,1959.3945527706974,1.204840057234523
2021-01-22,4,22,54.276235825796746,41,2225.3256688576666,1.237615794833897
2021-01-23,5,23,54.45356730144494,43,2341.5033939621326,1.154864186940876
2021-01-24,6,24,54.39913842894799,31,1686.3732912973878,1.0206724397775995
2021-01-25,0,25,54.456840417302985,36,1960.4462550229075,0.9378289175970695
2021-01-26,1,26,54.299556067496056,39,2117.6826866323463,0.9704208538576234
2021-01-27,2,27,54.27895423490021,39,2116.8792151611083,1.0955748135777736
2021-01-28,3,28,54.31046108069894,47,2552.5916707928504,1.2206803231944772
2021-01-29,4,29,54.34582831430213,55,2989.020557286617,1.2531269235014808
2021-01-30,5,30,54.36255074037769,52,2826.85263849964,1.1700412225834844
2021-01-31,6,31,54.41602434991135,39,2122.224949646543,1.0355105256616106
2021-02-01,0,32,54.29377913274181,37,2008.869827911447,0.9523232974269873
2021-02-02,1,33,54.315121388767814,39,2118.2897341619446,0.9845668731854654
2021-02-03,2,34,54.327422212381876,43,2336.0791551324205,1.1093679211822964
2021-02-04,3,35,54.35247339782531,46,2500.213776299964,1.2341160724298006
2021-02-05,4,36,54.36029621673598,47,2554.933922186591,1.266200973614721
2021-02-06,5,37,54.222621421716134,52,2819.576313929239,1.1827493400010112
2021-02-07,6,38,54.08012535627755,28,1514.2435099757713,1.047848585243555
2021-02-08,0,39,53.84069254123153,44,2368.9904718141875,0.9642872836895782
2021-02-09,1,40,53.92909402319174,43,2318.9510429972447,0.9961528814909605
2021-02-10,2,41,54.018590123399086,44,2376.81796542956,1.1205721588959767
2021-02-11,3,42,54.10980473875044,46,2489.05101798252,1.2449348600437948
2021-02-12,4,43,54.142978491057534,56,3032.006795499222,1.2766307458383475
2021-02-13,5,44,53.9123204603895,45,2426.0544207175276,1.192786646817249
2021-02-14,6,45,53.80130040200068,47,2528.661118894032,1.0574900929313549
2021-02-15,0,46,53.819727728654996,46,2475.7074755181297,0.9735297758117172
2021-02-16,1,47,53.83438153486722,44,2368.7127875341575,1.0049932598471252
2021-02-17,2,48,53.81029536858373,40,2152.411814743349,1.1290074444408507
2021-02-18,3,49,53.85018705152183,43,2315.558043215439,1.2529621937697997
2021-02-19,4,50,53.85144697170176,47,2531.0180076699826,1.2842473896228492
2021-02-20,5,51,53.86450610009719,52,2800.954317205054,1.199989984233879
2021-02-21,6,52,53.795402812332085,52,2797.3609462412683,1.0642776300253622
2021-02-22,0,53,53.90158943250397,23,1239.7365569475912,0.9798991418389575
2021-02-23,1,54,53.855009321040626,37,1992.6353448785032,1.0109422079765633
2021-02-24,2,55,53.71112383426127,44,2363.289448707496,1.1345338524203445
2021-02-25,3,56,53.62775431957751,45,2413.248944380988,1.2580640645549712
2021-02-26,4,57,53.59007404142601,55,2947.4540722784304,1.2889228519688547
2021-02-27,5,58,53.69755735681658,55,2953.365654624912,1.2042372932499177
2021-02-28,6,59,53.69298684186445,47,2523.5703815676293,1.068095167691668
2021-03-01,0,60,53.672858299004616,50,2683.642914950231,0.9832854174863184
2021-03-02,1,61,53.537838069412835,26,1391.9837898047338,1.0138958587279985
2021-03-03,2,62,53.622773719417395,48,2573.8931385320348,1.1370536435949754
2021-03-04,3,63,53.55227695641993,53,2838.2706786902563,1.260148890033873
2021-03-05,4,64,53.54146076351158,48,2569.990116648556,1.2905717345228243
2021-03-06,5,65,53.70151563091226,34,1825.8515314510169,1.2054493848290435
2021-03-07,6,66,53.756529128067605,47,2526.5568690191776,1.0688697496766397
2021-03-08,0,67,53.580463079365934,43,2303.9599124127353,0.9836219009013611
2021-03-09,1,68,53.38912274406081,32,1708.451927809946,1.0137937844153955
2021-03-10,2,69,53.38216873902787,44,2348.8154245172263,1.1365126823511167
2021-03-11,3,70,53.25103290769942,45,2396.296480846474,1.2591688427068441
2021-03-12,4,71,53.32116143795813,59,3145.94852483953,1.2891525320713715
2021-03-13,5,72,53.32573141944526,57,3039.5666909083798,1.2035910883430636
2021-03-14,6,73,53.34361477299094,38,2027.0573613736558,1.0665725503590662
2021-03-15,0,74,53.267193357295255,46,2450.290894435582,0.9808861200115071
2021-03-16,1,75,53.45549231462949,32,1710.5757540681436,1.0106198731737612
2021-03-17,2,76,53.76286710448937,42,2258.0404183885535,1.1329012218056833
2021-03-18,3,77,53.73274323554563,43,2310.507959128462,1.255120543560901
2021-03-19,4,78,53.77091800660931,54,2903.6295723569024,1.284668234472894
2021-03-20,5,79,53.78145191972465,44,2366.383884467885,1.1986717616357894
2021-03-21,6,80,53.75337151052195,33,1773.8612598472243,1.0612192927952588
2021-03-22,0,81,53.66339822920222,31,1663.565345105269,0.9751001584264831
2021-03-23,1,82,53.546078682666135,34,1820.5666752106486,1.004402562622393
2021-03-24,2,83,53.423284500924005,50,2671.1642250462,1.1262540451608565
2021-03-25,3,84,53.46710383622633,60,3208.0262301735797,1.248045111074078
2021-03-26,4,85,53.41091049703776,44,2350.0800618696617,1.277166283297011
2021-03-27,5,86,53.132115038087726,56,2975.398442132913,1.1907451553104653
2021-03-28,6,87,53.18021836031997,42,2233.569171133439,1.0528700206945953
2021-03-29,0,88,53.1760810987967,41,2180.219325050665,0.9663303351695738
2021-03-30,1,89,53.32169928078902,44,2346.154768354717,0.9952144274467165
2021-03-31,2,90,53.36204567896324,35,1867.6715987637135,1.116649961258752
2021-04-01,3,91,53.202154034420936,43,2287.6926234801003,1.2380275648924435
2021-04-02,4,92,52.96105507534474,56,2965.8190842193053,1.2667378838005654
2021-04-03,5,93,52.88325722798909,54,2855.695890311411,1.1799086332086262
2021-04-04,6,94,52.81566323445346,36,1901.3638764403245,1.0416282276323003
2021-04-05,0,95,52.917648740984056,55,2910.470680754123,0.9546862428823166
2021-04-06,1,96,52.916689511066146,31,1640.4173748430505,0.983171126879923
2021-04-07,2,97,53.03927729434163,55,2917.1602511887895,1.1042106616518645
2021-04-08,3,98,52.896020705092404,60,3173.7612423055443,1.225195592827986
2021-04-09,4,99,53.0003964849953,66,3498.0261680096896,1.2535166822183785
2021-04-10,5,100,53.078358343330294,46,2441.6044837931936,1.166301760385655
2021-04-11,6,101,52.86012304653907,51,2695.8662753734925,1.027639356128201
2021-04-12,0,102,53.00314010065289,32,1696.1004832208926,0.9403191584511994
2021-04-13,1,103,53.013245936032824,43,2279.5695752494116,0.9684297273485536
2021-04-14,2,104,53.05563841576176,44,2334.4480902935175,1.0890989557646418
2021-04-15,3,105,52.96211563824041,51,2701.067897550261,1.209717699059095
2021-04-16,4,106,53.10001039919546,52,2761.200540758164,1.237676827551352
2021-04-17,5,107,52.97178204671832,46,2436.7019741490426,1.1501042790608642
2021-04-18,6,108,53.061757658347766,42,2228.593821650606,1.011088688358516
2021-04-19,0,109,53.150491425674204,42,2232.320639878317,0.9234198491062575
