data/processed/21080_timeseries.csv
date,day_of_week,day_of_year,price,demand,revenue,seasonal
2022-08-06,5,218,56.250072054152184,28,1575.0020175162613,0.7225739004894965
2022-08-07,6,219,56.27812360598467,30,1688.34370817954,0.5840415939221991
2022-08-08,0,220,56.21066663404496,22,1236.634665948989,0.49695813944692424
2022-08-09,1,221,56.18071854735604,17,955.0722153050526,0.5254120269054795
2022-08-10,2,222,56.29152918783887,13,731.7898794419053,0.6465310475095395
2022-08-11,3,223,56.389814239743714,28,1578.914798712824,0.7677059233356152
2022-08-12,4,224,56.28200030714371,26,1463.3320079857365,0.7963273599090537
2022-08-13,5,225,56.16767779852587,36,2022.0364007469313,0.7095230987931381
2022-08-14,6,226,56.123216877217004,14,785.725036281038,0.5713815470986208
2022-08-15,0,227,56.120324751401924,19,1066.2861702766365,0.48469223949080353
2022-08-16,1,228,56.04918500051802,25,1401.2296250129505,0.5135435490172726
2022-08-17,2,229,56.161711545913136,25,1404.0427886478283,0.6350631491249691
2022-08-18,3,230,56.19927543643412,35,1966.9746402751941,0.7566416431900417
2022-08-19,4,231,56.24318615222967,39,2193.484259936957,0.7856696171370707
2022-08-20,5,232,56.106233022923774,29,1627.0807576647894,0.6992746920635026
2022-08-21,6,233,56.23245427481275,24,1349.578902595506,0.5615451537850147
2022-08-22,0,234,55.92750433048415,16,894.8400692877464,0.4752704148784428
2022-08-23,1,235,56.01769225171872,13,728.2299992723433,0.5045387255457117
2022-08-24,2,236,56.118721066072425,21,1178.493142387521,0.6264776356673158
2022-08-25,3,237,56.071964745334405,26,1457.8710833786945,0.7484776243687934
2022-08-26,4,238,56.20960682435594,20,1124.1921364871187,0.7779291526767755
2022-08-27,5,239,56.20278397208236,32,1798.4890871066355,0.6919597161804231
2022-08-28,6,240,56.209534824834115,25,1405.238370620853,0.5546574746139534
2022-08-29,0,241,56.24624868536627,18,1012.4324763365928,0.46881171393696386
2022-08-30,1,242,56.59081878141592,16,905.4531005026547,0.498510557235874
2022-08-31,2,243,56.73619484620684,26,1475.141066001378,0.6208814268150696
2022-09-01,3,244,56.81200942827664,31,1761.1722922765757,0.7433146738011801
2022-09-02,4,245,56.713306231795386,19,1077.5528184041123,0.7732006308370558
2022-09-03,5,246,56.72883285876211,26,1474.9496543278149,0.6876666647812473
2022-09-04,6,247,56.64090828304338,24,1359.381798793041,0.5508008063286804
2022-09-05,0,248,56.72980461262965,12,680.7576553515557,0.4653922121292222
2022-09-06,1,249,56.744993560217665,16,907.9198969634826,0.4955288757274195
2022-09-07,2,250,56.62339700156834,26,1472.208322040777,0.6183380896920689
2022-09-08,3,251,56.63216914917953,22,1245.9077212819498,0.7412100752588953
2022-09-09,4,252,56.54032010522906,29,1639.6692830516427,0.771535035063037
2022-09-10,5,253,56.55667138814333,33,1866.3701558087298,0.6864402058770488
2022-09-11,6,254,56.46377780754151,23,1298.6668895734547,0.5500134882701224
2022-09-12,0,255,56.466750094943954,8,451.73400075955163,0.46504390876521473
2022-09-13,1,256,56.54789975549356,21,1187.5058948653648,0.49561933081735704
2022-09-14,2,257,56.54216314786337,24,1357.011915548721,0.6188669169817334
2022-09-15,3,258,56.499895694095045,32,1807.9966622110414,0.7421767585949167
2022-09-16,4,259,56.521876318732104,33,1865.2219185181596,0.7729389285458577
2022-09-17,5,260,56.59726393372911,22,1245.1398065420403,0.6882805340523055
2022-09-18,6,261,56.47754220861489,16,903.6406753378383,0.5522893463584532
2022-09-19,0,262,56.50572742903127,13,734.5744565774065,0.4677542629303407
2022-09-20,1,263,56.648195495567364,21,1189.6121054069147,0.4987630184724166
2022-09-21,2,264,56.71022605828948,21,1190.914747224079,0.6224426471338055
2022-09-22,3,265,56.71647111839795,36,2041.7929602623262,0.7461831122275691
2022-09-23,4,266,56.78564708953635,27,1533.2124714174813,0.7773743590396266
2022-09-24,5,267,56.83457634795846,20,1136.691526959169,0.6931433676429908
2022-09-25,6,268,56.91606459592146,19,1081.4052273225077,0.5575777826330911
2022-09-26,0,269,56.69721321822139,14,793.7609850550995,0.4734663753607069
2022-09-27,1,270,56.52923520295451,19,1074.0554688561356,0.5048967549858887
2022-09-28,2,271,56.637889192310794,16,906.2062270769727,0.6289958307214818
2022-09-29,3,272,56.4751206384039,29,1637.7784985137132,0.7531534415892949
2022-09-30,4,273,56.518539735743985,25,1412.9634933935997,0.7847594092659614
2022-10-01,5,274,56.48047197109057,29,1637.9336871616267,0.7009405909337497
2022-10-02,6,275,56.37275223013411,21,1183.8277968328164,0.5657845090523127
2022-10-03,0,276,56.410560489389994,17,958.9795283196299,0.4820798136278155
2022-10-04,1,277,56.43229860495353,25,1410.8074651238383,0.5139139933028118
2022-10-05,2,278,56.660493764475845,39,2209.759256814558,0.6384138376354801
2022-10-06,3,279,56.592931801327936,29,1641.19502223851,0.762969066891245
2022-10-07,4,280,56.74865350758849,28,1588.962298212478,0.7949693849238293
2022-10-08,5,281,56.786761633341136,32,1817.1763722669164,0.7115415320609942
2022-10-09,6,282,56.715284144338796,23,1304.4515353197924,0.5767729149108206
2022-10-10,0,283,56.80170810619619,14,795.2239134867466,0.4934520686654035
2022-10-11,1,284,56.86288243167529,22,1250.9834134968564,0.5256663682244616
2022-10-12,2,285,56.86675823183495,29,1649.1359887232136,0.6505424905084383
2022-10-13,3,286,56.89555322931209,20,1137.9110645862418,0.7754700442834765
2022-10-14,4,287,56.830999944258195,29,1648.0989983834877,0.8078386230755132
2022-10-15,5,288,56.74170609210024,32,1815.7345949472076,0.7247748580887077
2022-10-16,6,289,56.823825944926625,12,681.8859113391195,0.5903660480440694
2022-10-17,0,290,56.799610970830486,21,1192.7918303874403,0.5074006215150378
2022-10-18,1,291,56.79095145170343,22,1249.4009319374754,0.5399658480828167
2022-10-19,2,292,56.821209065869,20,1136.4241813173799,0.6651883006805884
2022-10-20,3,293,56.849895173358334,32,1819.1966455474667,0.7904574854494035
2022-10-21,4,294,56.69533952253576,27,1530.7741671084655,0.8231628946825078
2022-10-22,5,295,56.83442428195286,25,1420.8606070488215,0.7404310597739472
2022-10-23,6,296,56.84752792673621,14,795.8653909743069,0.6063491810866836
2022-10-24,0,297,56.8256146636974,17,966.0354492828558,0.5237055903173398
2022-10-25,1,298,56.872202819787404,20,1137.444056395748,0.5565874616802399
2022-10-26,2,299,56.89778055407244,23,1308.648952743666,0.6821212742798815
2022-10-27,3,300,56.98072442701072,38,2165.267528226407,0.8076964419946284
2022-10-28,4,301,57.03889757238355,31,1768.20582474389,0.8407023664483744
2022-10-29,5,302,57.11651958062736,27,1542.1460286769388,0.7582654899860182
2022-10-30,6,303,57.26260498980246,19,1087.9894948062467,0.6244729255679822
2022-10-31,0,304,57.35815290696651,13,745.6559877905646,0.5421129191607794
2022-11-01,1,305,57.3407992423317,24,1376.1791818159609,0.5752725609466173
2022-11-02,2,306,57.21937791381702,25,1430.4844478454254,0.7010782477206077
2022-11-03,3,307,57.39971991420017,29,1664.5918775118048,0.8269193127989424
2022-11-04,4,308,57.374014456819005,29,1663.846419247751,0.8601850790143484
2022-11-05,5,309,57.32285649839185,28,1605.0399819549718,0.7780019117150296
2022-11-06,6,310,57.135061093303136,26,1485.5115884258817,0.6444568486819163
2022-11-07,0,311,57.171660801025475,19,1086.261555219484,0.5623380625415189
2022-11-08,1,312,57.18776017820776,22,1258.1307239205707,0.5957325719972664
2022-11-09,2,313,57.02392806581187,33,1881.7896261717917,0.7217667042479021
2022-11-10,3,314,57.07294140601478,39,2225.8447148345763,0.8478297249162668
2022-11-11,4,315,57.01907101453865,47,2679.8963376833167,0.8813108910649301
2022-11-12,5,316,57.30997963150835,17,974.2696537356419,0.7993365042143947
2022-11-13,6,317,57.24841357827717,19,1087.7198579872663,0.6659935402794457
2022-11-14,0,318,57.20135533786997,23,1315.6311727710092,0.5840701120002711
2022-11-15,1,319,57.10676420602616,29,1656.0961619747588,0.6176531801915499
2022-11-16,2,320,57.24494330043973,24,1373.8786392105535,0.7438690161780052
2022-11-17,3,321,57.204634381032996,29,1658.934397049957,0.8701068317397401
2022-11-18,4,322,57.12624810532835,37,2113.671179897149,0.9037558321438246
2022-11-19,5,323,57.20269242639804,33,1887.6888500711352,0.8219422691778455
2022-11-20,6,324,57.05343237235857,23,1312.228944564247,0.6887530711010005
2022-11-21,0,325,57.121026703866136,19,1085.2995073734567,0.6069763050893382
2022-11-22,1,326,57.313652670127546,15,859.7047900519132,0.6406988884983322
2022-11-23,2,327,57.37492099765339,23,1319.623182946028,0.76704705131135
2022-11-24,3,328,57.443898093810425,32,1838.2047390019336,0.893409966097196
2022-11-25,4,329,57.537979275268796,31,1783.6773575333327,0.9271768010533417
2022-11-26,5,330,57.722853089932315,38,2193.468417417428,0.8454737730504496
2022-11-27,6,331,57.85368110733384,18,1041.3662599320091,0.7123877775938197
2022-11-28,0,332,57.90122338787845,22,1273.8269145333259,0.6307068512783376
2022-11-29,1,333,57.99896279628878,24,1391.9751071109308,0.6645178830601197
2022-11-30,2,334,57.90316505394486,32,1852.9012817262355,0.7909470767133584
2022-12-01,3,335,57.98710708089521,39,2261.497176154913,0.9173835807956631
2022-12-02,4,336,57.87837449899674,45,2604.5268524548533,0.951216541698416
2022-12-03,5,337,57.83868770250201,30,1735.16063107506,0.8695721566977326
2022-12-04,6,338,57.50536469138081,22,1265.118023210378,0.736537303921745
2022-12-05,0,339,57.54877200491132,25,1438.7193001227831,0.6549000048106544
2022-12-06,1,340,57.47914896234955,26,1494.4578730210883,0.6887471353928771
2022-12-07,2,341,57.599299099761666,37,2131.1740666911815,0.8152048887457575
2022-12-08,3,342,57.641491330929945,34,1959.8107052516182,0.9416624049640551
2022-12-09,4,343,57.76304184868828,32,1848.417339158025,0.9755088242128012
2022-12-10,5,344,57.64587059873807,31,1787.0219885608801,0.8938703397801111
2022-12-11,6,345,57.75815315491917,37,2137.0516667320094,0.7608338280456496
2022-12-12,0,346,57.985863201889835,23,1333.6748536434661,0.6791873109412029
2022-12-13,1,347,58.06849301794366,21,1219.4383533768168,0.7130176672266686
2022-12-14,2,348,58.15395488260231,39,2268.00424042149,0.8394510949500125
2022-12-15,3,349,58.17229378542508,39,2268.7194576315783,0.9658767414141703
2022-12-16,4,350,58.11556040330889,31,1801.5823725025757,0.99968375622788
2022-12-17,5,351,58.19786950829865,32,1862.3318242655569,0.9179983443556401
2022-12-18,6,352,58.035014045157816,30,1741.0504213547345,0.784907396082725
2022-12-19,0,353,57.989841429574334,19,1101.8069871619123,0.7031989494716431
2022-12-20,1,354,57.79833386129819,24,1387.1600126711564,0.7369599016333431
2022-12-21,2,355,57.72224622732519,20,1154.444924546504,0.8633164711817318
2022-12-22,3,356,57.79167172181521,30,1733.7501516544564,0.9896578281944833
2022-12-23,4,357,57.84632081967313,41,2371.6991536065984,1.023373147257117
2022-12-24,5,358,57.85182620945571,30,1735.5547862836713,0.9415886605055439
2022-12-25,6,359,57.87025197646758,31,1793.9778112704948,0.8083912875830934
2022-12-26,0,360,57.666330031903975,29,1672.3235709252153,0.7265690980881901
2022-12-27,1,361,57.626044200139916,24,1383.025060803358,0.7602090228362468
2022-12-28,2,362,57.552368421295746,27,1553.9139473749851,0.8864373163041974
2022-12-29,3,363,57.48110310755047,28,1609.4708870114132,1.0126431865806804
2022-12-30,4,364,57.54593662663999,37,2129.1996551856796,1.0462158483988646
